// Vitest Snapshot v1, https://vitest.dev/guide/snapshot.html

exports[`Statistics Screen > should match snapshot 1`] = `
<DocumentFragment>
  <div
    class="statistics-screen"
  >
    <div>
       дата / правильно / неправильно / середній час відповіді
    </div>
    <div>
      <button>
        На початок
      </button>
      <button>
        Очистити статистику
      </button>
    </div>
  </div>
</DocumentFragment>
`;
